
> mediverify-frontend@0.0.0 build
> tsc && vite build

[36mvite v7.3.1 [32mbuilding client environment for production...[36m[39m
transforming...
[32mΓ£ô[39m 6 modules transformed.
node.exe : [31mΓ£ù[39m Build failed in 252ms
At C:\Program Files\nodejs\npm.ps1:29 char:3
+   & $NODE_EXE $NPM_CLI_JS $args
+   ~~~~~~~~~~~~~~~~~~~~~~~~~~~~~
    + CategoryInfo          : NotSpecified: ([31m 
   Γ£ù[39m Build failed in 252ms:String) [], Rem  
  oteException
    + FullyQualifiedErrorId : NativeCommandError
 
[31merror during build:
[31m[vite:css] [postcss] It looks like you're 
trying to use `tailwindcss` directly as a PostCSS 
plugin. The PostCSS plugin has moved to a separate 
package, so to continue using Tailwind CSS with 
PostCSS you'll need to install 
`@tailwindcss/postcss` and update your PostCSS 
configuration.[31m
file: [36mD:/ml project/mediverify/frontend/src/in
dex.css:undefined:NaN[31m
    at at (D:\ml project\mediverify\frontend\node_m
odules\tailwindcss\dist\lib.js:38:1643)
    at LazyResult.runOnRoot (D:\ml project\mediveri
fy\frontend\node_modules\postcss\lib\lazy-result.js
:361:16)
    at LazyResult.runAsync (D:\ml project\mediverif
y\frontend\node_modules\postcss\lib\lazy-result.js:
290:26)
    at LazyResult.async (D:\ml project\mediverify\f
rontend\node_modules\postcss\lib\lazy-result.js:192
:30)
    at LazyResult.then (D:\ml project\mediverify\fr
ontend\node_modules\postcss\lib\lazy-result.js:436:
17)[39m
