
> mediverify-frontend@0.0.0 build
> tsc && vite build

src/api/adminApi.ts(5,29): error TS2339: Property 'env' does not exist on type 'ImportMeta'.
src/api/authApi.ts(2,16): error TS2305: Module '"../types/user.types"' has no exported member 'LoginCredentials'.
src/api/authApi.ts(5,29): error TS2339: Property 'env' does not exist on type 'ImportMeta'.
src/api/doctorApi.ts(13,32): error TS2339: Property 'env' does not exist on type 'ImportMeta'.
src/components/LoadingSpinner.tsx(1,1): error TS6133: 'React' is declared but its value is never read.
src/components/Navbar.tsx(1,1): error TS6133: 'React' is declared but its value is never read.
src/components/ResultBadge.tsx(1,1): error TS6133: 'React' is declared but its value is never read.
src/components/Sidebar.tsx(1,1): error TS6133: 'React' is declared but its value is never read.
src/hooks/useAuth.ts(1,1): error TS6133: 'useContext' is declared but its value is never read.
src/hooks/useVerify.ts(3,10): error TS2305: Module '"../api/doctorApi"' has no exported member 'VerifyResponse'.
src/pages/admin/Analytics.tsx(1,1): error TS6133: 'React' is declared but its value is never read.
src/pages/admin/Dashboard.tsx(1,8): error TS6133: 'React' is declared but its value is never read.
src/pages/admin/Dashboard.tsx(15,44): error TS2339: Property 'env' does not exist on type 'ImportMeta'.
src/pages/admin/Logs.tsx(1,8): error TS6133: 'React' is declared but its value is never read.
src/pages/admin/Logs.tsx(15,44): error TS2339: Property 'env' does not exist on type 'ImportMeta'.
src/pages/admin/Users.tsx(1,8): error TS6133: 'React' is declared but its value is never read.
src/pages/admin/Users.tsx(5,24): error TS6133: 'MoreVertical' is declared but its value is never read.
src/pages/admin/Users.tsx(15,44): error TS2339: Property 'env' does not exist on type 'ImportMeta'.
src/pages/doctor/Dashboard.tsx(1,1): error TS6133: 'React' is declared but its value is never read.
src/pages/doctor/History.tsx(1,1): error TS6133: 'React' is declared but its value is never read.
src/pages/doctor/History.tsx(2,26): error TS6133: 'ChevronDown' is declared but its value is never read.
src/pages/doctor/Profile.tsx(1,1): error TS6133: 'React' is declared but its value is never read.
src/pages/doctor/Upload.tsx(1,8): error TS6133: 'React' is declared but its value is never read.
