============================= test session starts =============================
platform win32 -- Python 3.13.2, pytest-9.0.2, pluggy-1.6.0
rootdir: D:\ml project\mediverify\backend
plugins: anyio-4.12.1, asyncio-1.3.0
asyncio: mode=Mode.STRICT, debug=False, asyncio_default_fixture_loop_scope=None, asyncio_default_test_loop_scope=function
collected 10 items / 1 error

=================================== ERRORS ====================================
_____________________ ERROR collecting tests/test_auth.py _____________________
ImportError while importing test module 'D:\ml project\mediverify\backend\tests\test_auth.py'.
Hint: make sure your test modules/packages have valid Python names.
Traceback:
C:\Python313\Lib\importlib\__init__.py:88: in import_module
    return _bootstrap._gcd_import(name[level:], package, level)
           ^^^^^^^^^^^^^^^^^^^^^^^^^^^^^^^^^^^^^^^^^^^^^^^^^^^^
tests\test_auth.py:2: in <module>
    from ..main import app
E   ImportError: attempted relative import beyond top-level package
=========================== short test summary info ===========================
ERROR tests/test_auth.py
!!!!!!!!!!!!!!!!!!! Interrupted: 1 error during collection !!!!!!!!!!!!!!!!!!!!
============================== 1 error in 6.62s ===============================
